../Core/Src/main.c:64:13:Terminal_Print	16	static
../Core/Src/main.c:76:17:UART_BRR	16	static
../Core/Src/main.c:81:13:LAB_UART_Init	48	static
../Core/Src/main.c:110:13:LAB_ADC_DMA_Init	40	static
../Core/Src/main.c:147:13:Joystick_Process	16	static
../Core/Src/main.c:179:13:Control_Process	16	static
../Core/Src/main.c:198:5:main	8	static
../Core/Src/main.c:247:6:SystemClock_Config	88	static
../Core/Src/main.c:294:13:MX_GPIO_Init	48	static
../Core/Src/main.c:335:6:USART1_IRQHandler	16	static
../Core/Src/main.c:359:6:Error_Handler	4	static,ignoring_inline_asm
