Archive member included to satisfy reference by file (symbol)

C:/ST/STM32CubeIDE_1.18.1/STM32CubeIDE/plugins/com.st.stm32cube.ide.mcu.externaltools.gnu-tools-for-stm32.13.3.rel1.win32_1.0.100.202509120712/tools/bin/../lib/gcc/arm-none-eabi/13.3.1/../../../../arm-none-eabi/lib/thumb/v7e-m+fp/hard\libc_nano.a(libc_a-exit.o)
                              C:/ST/STM32CubeIDE_1.18.1/STM32CubeIDE/plugins/com.st.stm32cube.ide.mcu.externaltools.gnu-tools-for-stm32.13.3.rel1.win32_1.0.100.202509120712/tools/bin/../lib/gcc/arm-none-eabi/13.3.1/../../../../arm-none-eabi/lib/thumb/v7e-m+fp/hard/crt0.o (exit)
C:/ST/STM32CubeIDE_1.18.1/STM32CubeIDE/plugins/com.st.stm32cube.ide.mcu.externaltools.gnu-tools-for-stm32.13.3.rel1.win32_1.0.100.202509120712/tools/bin/../lib/gcc/arm-none-eabi/13.3.1/../../../../arm-none-eabi/lib/thumb/v7e-m+fp/hard\libc_nano.a(libc_a-findfp.o)
                              C:/ST/STM32CubeIDE_1.18.1/STM32CubeIDE/plugins/com.st.stm32cube.ide.mcu.externaltools.gnu-tools-for-stm32.13.3.rel1.win32_1.0.100.202509120712/tools/bin/../lib/gcc/arm-none-eabi/13.3.1/../../../../arm-none-eabi/lib/thumb/v7e-m+fp/hard\libc_nano.a(libc_a-exit.o) (__stdio_exit_handler)
C:/ST/STM32CubeIDE_1.18.1/STM32CubeIDE/plugins/com.st.stm32cube.ide.mcu.externaltools.gnu-tools-for-stm32.13.3.rel1.win32_1.0.100.202509120712/tools/bin/../lib/gcc/arm-none-eabi/13.3.1/../../../../arm-none-eabi/lib/thumb/v7e-m+fp/hard\libc_nano.a(libc_a-fwalk.o)
                              C:/ST/STM32CubeIDE_1.18.1/STM32CubeIDE/plugins/com.st.stm32cube.ide.mcu.externaltools.gnu-tools-for-stm32.13.3.rel1.win32_1.0.100.202509120712/tools/bin/../lib/gcc/arm-none-eabi/13.3.1/../../../../arm-none-eabi/lib/thumb/v7e-m+fp/hard\libc_nano.a(libc_a-findfp.o) (_fwalk_sglue)
C:/ST/STM32CubeIDE_1.18.1/STM32CubeIDE/plugins/com.st.stm32cube.ide.mcu.externaltools.gnu-tools-for-stm32.13.3.rel1.win32_1.0.100.202509120712/tools/bin/../lib/gcc/arm-none-eabi/13.3.1/../../../../arm-none-eabi/lib/thumb/v7e-m+fp/hard\libc_nano.a(libc_a-stdio.o)
                              C:/ST/STM32CubeIDE_1.18.1/STM32CubeIDE/plugins/com.st.stm32cube.ide.mcu.externaltools.gnu-tools-for-stm32.13.3.rel1.win32_1.0.100.202509120712/tools/bin/../lib/gcc/arm-none-eabi/13.3.1/../../../../arm-none-eabi/lib/thumb/v7e-m+fp/hard\libc_nano.a(libc_a-findfp.o) (__sread)
C:/ST/STM32CubeIDE_1.18.1/STM32CubeIDE/plugins/com.st.stm32cube.ide.mcu.externaltools.gnu-tools-for-stm32.13.3.rel1.win32_1.0.100.202509120712/tools/bin/../lib/gcc/arm-none-eabi/13.3.1/../../../../arm-none-eabi/lib/thumb/v7e-m+fp/hard\libc_nano.a(libc_a-memset.o)
                              C:/ST/STM32CubeIDE_1.18.1/STM32CubeIDE/plugins/com.st.stm32cube.ide.mcu.externaltools.gnu-tools-for-stm32.13.3.rel1.win32_1.0.100.202509120712/tools/bin/../lib/gcc/arm-none-eabi/13.3.1/../../../../arm-none-eabi/lib/thumb/v7e-m+fp/hard/crt0.o (memset)
C:/ST/STM32CubeIDE_1.18.1/STM32CubeIDE/plugins/com.st.stm32cube.ide.mcu.externaltools.gnu-tools-for-stm32.13.3.rel1.win32_1.0.100.202509120712/tools/bin/../lib/gcc/arm-none-eabi/13.3.1/../../../../arm-none-eabi/lib/thumb/v7e-m+fp/hard\libc_nano.a(libc_a-closer.o)
                              C:/ST/STM32CubeIDE_1.18.1/STM32CubeIDE/plugins/com.st.stm32cube.ide.mcu.externaltools.gnu-tools-for-stm32.13.3.rel1.win32_1.0.100.202509120712/tools/bin/../lib/gcc/arm-none-eabi/13.3.1/../../../../arm-none-eabi/lib/thumb/v7e-m+fp/hard\libc_nano.a(libc_a-stdio.o) (_close_r)
C:/ST/STM32CubeIDE_1.18.1/STM32CubeIDE/plugins/com.st.stm32cube.ide.mcu.externaltools.gnu-tools-for-stm32.13.3.rel1.win32_1.0.100.202509120712/tools/bin/../lib/gcc/arm-none-eabi/13.3.1/../../../../arm-none-eabi/lib/thumb/v7e-m+fp/hard\libc_nano.a(libc_a-reent.o)
                              C:/ST/STM32CubeIDE_1.18.1/STM32CubeIDE/plugins/com.st.stm32cube.ide.mcu.externaltools.gnu-tools-for-stm32.13.3.rel1.win32_1.0.100.202509120712/tools/bin/../lib/gcc/arm-none-eabi/13.3.1/../../../../arm-none-eabi/lib/thumb/v7e-m+fp/hard\libc_nano.a(libc_a-closer.o) (errno)
C:/ST/STM32CubeIDE_1.18.1/STM32CubeIDE/plugins/com.st.stm32cube.ide.mcu.externaltools.gnu-tools-for-stm32.13.3.rel1.win32_1.0.100.202509120712/tools/bin/../lib/gcc/arm-none-eabi/13.3.1/../../../../arm-none-eabi/lib/thumb/v7e-m+fp/hard\libc_nano.a(libc_a-impure.o)
                              C:/ST/STM32CubeIDE_1.18.1/STM32CubeIDE/plugins/com.st.stm32cube.ide.mcu.externaltools.gnu-tools-for-stm32.13.3.rel1.win32_1.0.100.202509120712/tools/bin/../lib/gcc/arm-none-eabi/13.3.1/../../../../arm-none-eabi/lib/thumb/v7e-m+fp/hard\libc_nano.a(libc_a-reent.o) (_impure_ptr)
C:/ST/STM32CubeIDE_1.18.1/STM32CubeIDE/plugins/com.st.stm32cube.ide.mcu.externaltools.gnu-tools-for-stm32.13.3.rel1.win32_1.0.100.202509120712/tools/bin/../lib/gcc/arm-none-eabi/13.3.1/../../../../arm-none-eabi/lib/thumb/v7e-m+fp/hard\libc_nano.a(libc_a-lseekr.o)
[...]
Memory Configuration

Name             Origin             Length             Attributes
RAM              0x20000000         0x00020000         xrw
FLASH            0x08000000         0x00080000         xr
*default*        0x00000000         0xffffffff

Linker script and memory map

LOAD C:/ST/STM32CubeIDE_1.18.1/STM32CubeIDE/plugins/com.st.stm32cube.ide.mcu.externaltools.gnu-tools-for-stm32.13.3.rel1.win32_1.0.100.202509120712/tools/bin/../lib/gcc/arm-none-eabi/13.3.1/thumb/v7e-m+fp/hard/crti.o
LOAD C:/ST/STM32CubeIDE_1.18.1/STM32CubeIDE/plugins/com.st.stm32cube.ide.mcu.externaltools.gnu-tools-for-stm32.13.3.rel1.win32_1.0.100.202509120712/tools/bin/../lib/gcc/arm-none-eabi/13.3.1/thumb/v7e-m+fp/hard/crtbegin.o
LOAD C:/ST/STM32CubeIDE_1.18.1/STM32CubeIDE/plugins/com.st.stm32cube.ide.mcu.externaltools.gnu-tools-for-stm32.13.3.rel1.win32_1.0.100.202509120712/tools/bin/../lib/gcc/arm-none-eabi/13.3.1/../../../../arm-none-eabi/lib/thumb/v7e-m+fp/hard/crt0.o
LOAD ./Core/Src/lab_audio.o
LOAD ./Core/Src/main.o
LOAD ./Core/Src/stm32f4xx_hal_msp.o
LOAD ./Core/Src/stm32f4xx_it.o
LOAD ./Core/Src/syscalls.o
LOAD ./Core/Src/sysmem.o
LOAD ./Core/Src/system_stm32f4xx.o
LOAD ./Core/Startup/startup_stm32f446retx.o
LOAD ./Drivers/STM32F4xx_HAL_Driver/Src/stm32f4xx_hal.o
LOAD ./Drivers/STM32F4xx_HAL_Driver/Src/stm32f4xx_hal_cortex.o
LOAD ./Drivers/STM32F4xx_HAL_Driver/Src/stm32f4xx_hal_dac.o
LOAD ./Drivers/STM32F4xx_HAL_Driver/Src/stm32f4xx_hal_dac_ex.o
LOAD ./Drivers/STM32F4xx_HAL_Driver/Src/stm32f4xx_hal_dma.o
LOAD ./Drivers/STM32F4xx_HAL_Driver/Src/stm32f4xx_hal_dma_ex.o
LOAD ./Drivers/STM32F4xx_HAL_Driver/Src/stm32f4xx_hal_exti.o
LOAD ./Drivers/STM32F4xx_HAL_Driver/Src/stm32f4xx_hal_flash.o
LOAD ./Drivers/STM32F4xx_HAL_Driver/Src/stm32f4xx_hal_flash_ex.o
LOAD ./Drivers/STM32F4xx_HAL_Driver/Src/stm32f4xx_hal_flash_ramfunc.o
LOAD ./Drivers/STM32F4xx_HAL_Driver/Src/stm32f4xx_hal_gpio.o
LOAD ./Drivers/STM32F4xx_HAL_Driver/Src/stm32f4xx_hal_pwr.o
LOAD ./Drivers/STM32F4xx_HAL_Driver/Src/stm32f4xx_hal_pwr_ex.o
LOAD ./Drivers/STM32F4xx_HAL_Driver/Src/stm32f4xx_hal_rcc.o
LOAD ./Drivers/STM32F4xx_HAL_Driver/Src/stm32f4xx_hal_rcc_ex.o
LOAD ./Drivers/STM32F4xx_HAL_Driver/Src/stm32f4xx_hal_tim.o
LOAD ./Drivers/STM32F4xx_HAL_Driver/Src/stm32f4xx_hal_tim_ex.o
LOAD ./Drivers/STM32F4xx_HAL_Driver/Src/stm32f4xx_hal_uart.o
START GROUP
LOAD C:/ST/STM32CubeIDE_1.18.1/STM32CubeIDE/plugins/com.st.stm32cube.ide.mcu.externaltools.gnu-tools-for-stm32.13.3.rel1.win32_1.0.100.202509120712/tools/bin/../lib/gcc/arm-none-eabi/13.3.1/../../../../arm-none-eabi/lib/thumb/v7e-m+fp/hard\libc_nano.a
LOAD C:/ST/STM32CubeIDE_1.18.1/STM32CubeIDE/plugins/com.st.stm32cube.ide.mcu.externaltools.gnu-tools-for-stm32.13.3.rel1.win32_1.0.100.202509120712/tools/bin/../lib/gcc/arm-none-eabi/13.3.1/../../../../arm-none-eabi/lib/thumb/v7e-m+fp/hard\libm.a
END GROUP
START GROUP
LOAD C:/ST/STM32CubeIDE_1.18.1/STM32CubeIDE/plugins/com.st.stm32cube.ide.mcu.externaltools.gnu-tools-for-stm32.13.3.rel1.win32_1.0.100.202509120712/tools/bin/../lib/gcc/arm-none-eabi/13.3.1/thumb/v7e-m+fp/hard\libgcc.a
LOAD C:/ST/STM32CubeIDE_1.18.1/STM32CubeIDE/plugins/com.st.stm32cube.ide.mcu.externaltools.gnu-tools-for-stm32.13.3.rel1.win32_1.0.100.202509120712/tools/bin/../lib/gcc/arm-none-eabi/13.3.1/../../../../arm-none-eabi/lib/thumb/v7e-m+fp/hard\libc_nano.a
END GROUP
START GROUP
LOAD C:/ST/STM32CubeIDE_1.18.1/STM32CubeIDE/plugins/com.st.stm32cube.ide.mcu.externaltools.gnu-tools-for-stm32.13.3.rel1.win32_1.0.100.202509120712/tools/bin/../lib/gcc/arm-none-eabi/13.3.1/thumb/v7e-m+fp/hard\libgcc.a
LOAD C:/ST/STM32CubeIDE_1.18.1/STM32CubeIDE/plugins/com.st.stm32cube.ide.mcu.externaltools.gnu-tools-for-stm32.13.3.rel1.win32_1.0.100.202509120712/tools/bin/../lib/gcc/arm-none-eabi/13.3.1/../../../../arm-none-eabi/lib/thumb/v7e-m+fp/hard\libc_nano.a
LOAD C:/ST/STM32CubeIDE_1.18.1/STM32CubeIDE/plugins/com.st.stm32cube.ide.mcu.externaltools.gnu-tools-for-stm32.13.3.rel1.win32_1.0.100.202509120712/tools/bin/../lib/gcc/arm-none-eabi/13.3.1/../../../../arm-none-eabi/lib/thumb/v7e-m+fp/hard\libnosys.a
END GROUP
START GROUP
LOAD C:/ST/STM32CubeIDE_1.18.1/STM32CubeIDE/plugins/com.st.stm32cube.ide.mcu.externaltools.gnu-tools-for-stm32.13.3.rel1.win32_1.0.100.202509120712/tools/bin/../lib/gcc/arm-none-eabi/13.3.1/thumb/v7e-m+fp/hard\libgcc.a
LOAD C:/ST/STM32CubeIDE_1.18.1/STM32CubeIDE/plugins/com.st.stm32cube.ide.mcu.externaltools.gnu-tools-for-stm32.13.3.rel1.win32_1.0.100.202509120712/tools/bin/../lib/gcc/arm-none-eabi/13.3.1/../../../../arm-none-eabi/lib/thumb/v7e-m+fp/hard\libc_nano.a
LOAD C:/ST/STM32CubeIDE_1.18.1/STM32CubeIDE/plugins/com.st.stm32cube.ide.mcu.externaltools.gnu-tools-for-stm32.13.3.rel1.win32_1.0.100.202509120712/tools/bin/../lib/gcc/arm-none-eabi/13.3.1/../../../../arm-none-eabi/lib/thumb/v7e-m+fp/hard\libnosys.a
END GROUP
LOAD C:/ST/STM32CubeIDE_1.18.1/STM32CubeIDE/plugins/com.st.stm32cube.ide.mcu.externaltools.gnu-tools-for-stm32.13.3.rel1.win32_1.0.100.202509120712/tools/bin/../lib/gcc/arm-none-eabi/13.3.1/thumb/v7e-m+fp/hard/crtend.o
LOAD C:/ST/STM32CubeIDE_1.18.1/STM32CubeIDE/plugins/com.st.stm32cube.ide.mcu.externaltools.gnu-tools-for-stm32.13.3.rel1.win32_1.0.100.202509120712/tools/bin/../lib/gcc/arm-none-eabi/13.3.1/thumb/v7e-m+fp/hard/crtn.o
                0x20020000                        _estack = (ORIGIN (RAM) + LENGTH (RAM))
                0x00000200                        _Min_Heap_Size = 0x200
                0x00000400                        _Min_Stack_Size = 0x400

.isr_vector     0x08000000      0x1c4
                0x08000000                        . = ALIGN (0x4)
 *(.isr_vector)
 .isr_vector    0x08000000      0x1c4 ./Core/Startup/startup_stm32f446retx.o
                0x08000000                g_pfnVectors
                0x080001c4                        . = ALIGN (0x4)

.text           0x080001c4     0x45e8
                0x080001c4                        . = ALIGN (0x4)
 *(.text)
 .text          0x080001c4       0x40 C:/ST/STM32CubeIDE_1.18.1/STM32CubeIDE/plugins/com.st.stm32cube.ide.mcu.externaltools.gnu-tools-for-stm32.13.3.rel1.win32_1.0.100.202509120712/tools/bin/../lib/gcc/arm-none-eabi/13.3.1/thumb/v7e-m+fp/hard/crtbegin.o
 .text          0x08000204       0x30 C:/ST/STM32CubeIDE_1.18.1/STM32CubeIDE/plugins/com.st.stm32cube.ide.mcu.externaltools.gnu-tools-for-stm32.13.3.rel1.win32_1.0.100.202509120712/tools/bin/../lib/gcc/arm-none-eabi/13.3.1/thumb/v7e-m+fp/hard\libgcc.a(_aeabi_uldivmod.o)
                0x08000204                __aeabi_uldivmod
 .text          0x08000234      0x2f8 C:/ST/STM32CubeIDE_1.18.1/STM32CubeIDE/plugins/com.st.stm32cube.ide.mcu.externaltools.gnu-tools-for-stm32.13.3.rel1.win32_1.0.100.202509120712/tools/bin/../lib/gcc/arm-none-eabi/13.3.1/thumb/v7e-m+fp/hard\libgcc.a(_udivmoddi4.o)
                0x08000234                __udivmoddi4
 .text          0x0800052c        0x4 C:/ST/STM32CubeIDE_1.18.1/STM32CubeIDE/plugins/com.st.stm32cube.ide.mcu.externaltools.gnu-tools-for-stm32.13.3.rel1.win32_1.0.100.202509120712/tools/bin/../lib/gcc/arm-none-eabi/13.3.1/thumb/v7e-m+fp/hard\libgcc.a(_dvmd_tls.o)
                0x0800052c                __aeabi_idiv0
                0x0800052c                __aeabi_ldiv0
 *(.text*)
 .text.timer_clock_apb1
                0x08000530       0x30 ./Core/Src/lab_audio.o
 .text.configure_timers
                0x08000560       0x84 ./Core/Src/lab_audio.o
 .text.stop_audio
                0x080005e4       0x4c ./Core/Src/lab_audio.o
 .text.start_audio
                0x08000630       0x78 ./Core/Src/lab_audio.o
 .text.LAB_Audio_Init
                0x080006a8       0x30 ./Core/Src/lab_audio.o
                0x080006a8                LAB_Audio_Init
 .text.LAB_Audio_Task
                0x080006d8       0x6c ./Core/Src/lab_audio.o
                0x080006d8                LAB_Audio_Task
 .text.HAL_UART_RxCpltCallback
                0x08000744       0x64 ./Core/Src/lab_audio.o
                0x08000744                HAL_UART_RxCpltCallback
 .text.amplify_sample
                0x080007a8       0x42 ./Core/Src/lab_audio.o
 *fill*         0x080007ea        0x2 
 .text.HAL_TIM_PeriodElapsedCallback
                0x080007ec       0xfc ./Core/Src/lab_audio.o
                0x080007ec                HAL_TIM_PeriodElapsedCallback
 .text.main     0x080008e8       0x2a ./Core/Src/main.o
                0x080008e8                main
 *fill*         0x08000912        0x2 
 .text.SystemClock_Config
                0x08000914       0xe4 ./Core/Src/main.o
                0x08000914                SystemClock_Config
 .text.MX_DAC_Init
                0x080009f8       0x54 ./Core/Src/main.o
 .text.MX_TIM3_Init
                0x08000a4c       0xb4 ./Core/Src/main.o
 .text.MX_TIM6_Init
                0x08000b00       0x6c ./Core/Src/main.o
 .text.MX_USART2_UART_Init
                0x08000b6c       0x54 ./Core/Src/main.o
 .text.MX_GPIO_Init
                0x08000bc0       0xdc ./Core/Src/main.o
 .text.Error_Handler
                0x08000c9c        0xc ./Core/Src/main.o
                0x08000c9c                Error_Handler
 .text.HAL_MspInit
                0x08000ca8       0x50 ./Core/Src/stm32f4xx_hal_msp.o
                0x08000ca8                HAL_MspInit
 .text.HAL_DAC_MspInit
                0x08000cf8       0x98 ./Core/Src/stm32f4xx_hal_msp.o
                0x08000cf8                HAL_DAC_MspInit
 .text.HAL_TIM_PWM_MspInit
                0x08000d90       0x44 ./Core/Src/stm32f4xx_hal_msp.o
                0x08000d90                HAL_TIM_PWM_MspInit
 .text.HAL_TIM_Base_MspInit
                0x08000dd4       0x50 ./Core/Src/stm32f4xx_hal_msp.o
                0x08000dd4                HAL_TIM_Base_MspInit
 .text.HAL_TIM_MspPostInit
                0x08000e24       0x74 ./Core/Src/stm32f4xx_hal_msp.o
                0x08000e24                HAL_TIM_MspPostInit
 .text.HAL_UART_MspInit
                0x08000e98       0xa0 ./Core/Src/stm32f4xx_hal_msp.o
                0x08000e98                HAL_UART_MspInit
 .text.NMI_Handler
                0x08000f38        0x8 ./Core/Src/stm32f4xx_it.o
                0x08000f38                NMI_Handler
 .text.HardFault_Handler
                0x08000f40        0x8 ./Core/Src/stm32f4xx_it.o
                0x08000f40                HardFault_Handler
 .text.MemManage_Handler
                0x08000f48        0x8 ./Core/Src/stm32f4xx_it.o
                0x08000f48                MemManage_Handler
 .text.BusFault_Handler
                0x08000f50        0x8 ./Core/Src/stm32f4xx_it.o
                0x08000f50                BusFault_Handler
 .text.UsageFault_Handler
                0x08000f58        0x8 ./Core/Src/stm32f4xx_it.o
                0x08000f58                UsageFault_Handler
 .text.SVC_Handler
                0x08000f60        0xe ./Core/Src/stm32f4xx_it.o
                0x08000f60                SVC_Handler
 .text.DebugMon_Handler
                0x08000f6e        0xe ./Core/Src/stm32f4xx_it.o
                0x08000f6e                DebugMon_Handler
 .text.PendSV_Handler
                0x08000f7c        0xe ./Core/Src/stm32f4xx_it.o
                0x08000f7c                PendSV_Handler
 .text.SysTick_Handler
                0x08000f8a        0xc ./Core/Src/stm32f4xx_it.o
                0x08000f8a                SysTick_Handler
 *fill*         0x08000f96        0x2 
 .text.USART2_IRQHandler
                0x08000f98       0x14 ./Core/Src/stm32f4xx_it.o
                0x08000f98                USART2_IRQHandler
 .text.TIM6_DAC_IRQHandler
                0x08000fac       0x1c ./Core/Src/stm32f4xx_it.o
                0x08000fac                TIM6_DAC_IRQHandler
 .text.SystemInit
                0x08000fc8       0x24 ./Core/Src/system_stm32f4xx.o
                0x08000fc8                SystemInit
 .text.Reset_Handler
                0x08000fec       0x50 ./Core/Startup/startup_stm32f446retx.o
                0x08000fec                Reset_Handler
 .text.Default_Handler
                0x0800103c        0x2 ./Core/Startup/startup_stm32f446retx.o
                0x0800103c                RTC_Alarm_IRQHandler
                0x0800103c                EXTI2_IRQHandler
                0x0800103c                TIM8_CC_IRQHandler
                0x0800103c                FMPI2C1_EV_IRQHandler
                0x0800103c                SPI4_IRQHandler
                0x0800103c                TIM1_CC_IRQHandler
                0x0800103c                DMA2_Stream5_IRQHandler
                0x0800103c                DMA1_Stream5_IRQHandler
                0x0800103c                PVD_IRQHandler
                0x0800103c                SDIO_IRQHandler
                0x0800103c                TAMP_STAMP_IRQHandler
                0x0800103c                CAN2_RX1_IRQHandler
                0x0800103c                EXTI3_IRQHandler
                0x0800103c                TIM8_TRG_COM_TIM14_IRQHandler
                0x0800103c                TIM1_UP_TIM10_IRQHandler
                0x0800103c                TIM8_UP_TIM13_IRQHandler
                0x0800103c                I2C3_ER_IRQHandler
                0x0800103c                EXTI0_IRQHandler
                0x0800103c                I2C2_EV_IRQHandler
                0x0800103c                DMA1_Stream2_IRQHandler
                0x0800103c                CAN1_RX0_IRQHandler
                0x0800103c                FPU_IRQHandler
                0x0800103c                OTG_HS_WKUP_IRQHandler
                0x0800103c                CAN2_SCE_IRQHandler
                0x0800103c                DMA2_Stream2_IRQHandler
                0x0800103c                SPI1_IRQHandler
                0x0800103c                TIM1_BRK_TIM9_IRQHandler
                0x0800103c                DCMI_IRQHandler
                0x0800103c                CAN2_RX0_IRQHandler
                0x0800103c                DMA2_Stream3_IRQHandler
                0x0800103c                SAI2_IRQHandler
                0x0800103c                USART6_IRQHandler
                0x0800103c                USART3_IRQHandler
                0x0800103c                CAN1_RX1_IRQHandler
                0x0800103c                UART5_IRQHandler
                0x0800103c                DMA2_Stream0_IRQHandler
                0x0800103c                TIM4_IRQHandler
                0x0800103c                QUADSPI_IRQHandler
                0x0800103c                I2C1_EV_IRQHandler
                0x0800103c                DMA1_Stream6_IRQHandler
                0x0800103c                DMA1_Stream1_IRQHandler
                0x0800103c                UART4_IRQHandler
                0x0800103c                TIM3_IRQHandler
                0x0800103c                RCC_IRQHandler
                0x0800103c                TIM8_BRK_TIM12_IRQHandler
                0x0800103c                Default_Handler
                0x0800103c                CEC_IRQHandler
                0x0800103c                EXTI15_10_IRQHandler
                0x0800103c                ADC_IRQHandler
                0x0800103c                DMA1_Stream7_IRQHandler
                0x0800103c                TIM7_IRQHandler
                0x0800103c                CAN2_TX_IRQHandler
                0x0800103c                TIM5_IRQHandler
                0x0800103c                DMA2_Stream7_IRQHandler
                0x0800103c                I2C3_EV_IRQHandler
                0x0800103c                EXTI9_5_IRQHandler
                0x0800103c                RTC_WKUP_IRQHandler
                0x0800103c                SPDIF_RX_IRQHandler
                0x0800103c                SPI2_IRQHandler
                0x0800103c                OTG_HS_EP1_IN_IRQHandler
                0x0800103c                DMA1_Stream0_IRQHandler
                0x0800103c                CAN1_TX_IRQHandler
                0x0800103c                FMPI2C1_ER_IRQHandler
                0x0800103c                EXTI4_IRQHandler
                0x0800103c                OTG_HS_EP1_OUT_IRQHandler
                0x0800103c                WWDG_IRQHandler
                0x0800103c                TIM2_IRQHandler
                0x0800103c                OTG_FS_WKUP_IRQHandler
                0x0800103c                TIM1_TRG_COM_TIM11_IRQHandler
                0x0800103c                OTG_HS_IRQHandler
                0x0800103c                EXTI1_IRQHandler
                0x0800103c                I2C2_ER_IRQHandler
                0x0800103c                DMA2_Stream1_IRQHandler
                0x0800103c                CAN1_SCE_IRQHandler
                0x0800103c                FLASH_IRQHandler
                0x0800103c                DMA2_Stream4_IRQHandler
                0x0800103c                USART1_IRQHandler
                0x0800103c                OTG_FS_IRQHandler
                0x0800103c                SPI3_IRQHandler
                0x0800103c                DMA1_Stream4_IRQHandler
                0x0800103c                I2C1_ER_IRQHandler
                0x0800103c                FMC_IRQHandler
                0x0800103c                DMA2_Stream6_IRQHandler
                0x0800103c                SAI1_IRQHandler
                0x0800103c                DMA1_Stream3_IRQHandler
 *fill*         0x0800103e        0x2 
 .text.HAL_Init
                0x08001040       0x44 ./Drivers/STM32F4xx_HAL_Driver/Src/stm32f4xx_hal.o
                0x08001040                HAL_Init
 .text.HAL_InitTick
                0x08001084       0x60 ./Drivers/STM32F4xx_HAL_Driver/Src/stm32f4xx_hal.o
                0x08001084                HAL_InitTick
 .text.HAL_IncTick
                0x080010e4       0x28 ./Drivers/STM32F4xx_HAL_Driver/Src/stm32f4xx_hal.o
                0x080010e4                HAL_IncTick
 .text.HAL_GetTick
                0x0800110c       0x18 ./Drivers/STM32F4xx_HAL_Driver/Src/stm32f4xx_hal.o
                0x0800110c                HAL_GetTick
 .text.__NVIC_SetPriorityGrouping
                0x08001124       0x48 ./Drivers/STM32F4xx_HAL_Driver/Src/stm32f4xx_hal_cortex.o
 .text.__NVIC_GetPriorityGrouping
                0x0800116c       0x1c ./Drivers/STM32F4xx_HAL_Driver/Src/stm32f4xx_hal_cortex.o
 .text.__NVIC_EnableIRQ
                0x08001188       0x3c ./Drivers/STM32F4xx_HAL_Driver/Src/stm32f4xx_hal_cortex.o
 .text.__NVIC_SetPriority
                0x080011c4       0x54 ./Drivers/STM32F4xx_HAL_Driver/Src/stm32f4xx_hal_cortex.o
 .text.NVIC_EncodePriority
                0x08001218       0x66 ./Drivers/STM32F4xx_HAL_Driver/Src/stm32f4xx_hal_cortex.o
 *fill*         0x0800127e        0x2 
 .text.SysTick_Config
                0x08001280       0x44 ./Drivers/STM32F4xx_HAL_Driver/Src/stm32f4xx_hal_cortex.o
 .text.HAL_NVIC_SetPriorityGrouping
                0x080012c4       0x16 ./Drivers/STM32F4xx_HAL_Driver/Src/stm32f4xx_hal_cortex.o
                0x080012c4                HAL_NVIC_SetPriorityGrouping
 .text.HAL_NVIC_SetPriority
                0x080012da       0x38 ./Drivers/STM32F4xx_HAL_Driver/Src/stm32f4xx_hal_cortex.o
                0x080012da                HAL_NVIC_SetPriority
 .text.HAL_NVIC_EnableIRQ
                0x08001312       0x1c ./Drivers/STM32F4xx_HAL_Driver/Src/stm32f4xx_hal_cortex.o
                0x08001312                HAL_NVIC_EnableIRQ
 .text.HAL_SYSTICK_Config
                0x0800132e       0x18 ./Drivers/STM32F4xx_HAL_Driver/Src/stm32f4xx_hal_cortex.o
                0x0800132e                HAL_SYSTICK_Config
 .text.HAL_DAC_Init
                0x08001346       0x44 ./Drivers/STM32F4xx_HAL_Driver/Src/stm32f4xx_hal_dac.o
                0x08001346                HAL_DAC_Init
 .text.HAL_DAC_Start
                0x0800138a       0xae ./Drivers/STM32F4xx_HAL_Driver/Src/stm32f4xx_hal_dac.o
                0x0800138a                HAL_DAC_Start
 .text.HAL_DAC_Stop
                0x08001438       0x44 ./Drivers/STM32F4xx_HAL_Driver/Src/stm32f4xx_hal_dac.o
                0x08001438                HAL_DAC_Stop
 .text.HAL_DAC_IRQHandler
                0x0800147c       0xac ./Drivers/STM32F4xx_HAL_Driver/Src/stm32f4xx_hal_dac.o
                0x0800147c                HAL_DAC_IRQHandler
 .text.HAL_DAC_SetValue
                0x08001528       0x54 ./Drivers/STM32F4xx_HAL_Driver/Src/stm32f4xx_hal_dac.o
                0x08001528                HAL_DAC_SetValue
 .text.HAL_DAC_DMAUnderrunCallbackCh1
                0x0800157c       0x14 ./Drivers/STM32F4xx_HAL_Driver/Src/stm32f4xx_hal_dac.o
                0x0800157c                HAL_DAC_DMAUnderrunCallbackCh1
 .text.HAL_DAC_ConfigChannel
                0x08001590       0xb2 ./Drivers/STM32F4xx_HAL_Driver/Src/stm32f4xx_hal_dac.o
                0x08001590                HAL_DAC_ConfigChannel
 .text.HAL_DACEx_DMAUnderrunCallbackCh2
                0x08001642       0x14 ./Drivers/STM32F4xx_HAL_Driver/Src/stm32f4xx_hal_dac_ex.o
                0x08001642                HAL_DACEx_DMAUnderrunCallbackCh2
 .text.HAL_DMA_Abort
                0x08001656       0xe0 ./Drivers/STM32F4xx_HAL_Driver/Src/stm32f4xx_hal_dma.o
                0x08001656                HAL_DMA_Abort
 .text.HAL_DMA_Abort_IT
                0x08001736       0x44 ./Drivers/STM32F4xx_HAL_Driver/Src/stm32f4xx_hal_dma.o
                0x08001736                HAL_DMA_Abort_IT
 *fill*         0x0800177a        0x2 
 .text.HAL_GPIO_Init
                0x0800177c      0x328 ./Drivers/STM32F4xx_HAL_Driver/Src/stm32f4xx_hal_gpio.o
                0x0800177c                HAL_GPIO_Init
 .text.HAL_GPIO_WritePin
                0x08001aa4       0x32 ./Drivers/STM32F4xx_HAL_Driver/Src/stm32f4xx_hal_gpio.o
                0x08001aa4                HAL_GPIO_WritePin
 *fill*         0x08001ad6        0x2 
 .text.HAL_PWREx_EnableOverDrive
                0x08001ad8       0xa0 ./Drivers/STM32F4xx_HAL_Driver/Src/stm32f4xx_hal_pwr_ex.o
                0x08001ad8                HAL_PWREx_EnableOverDrive
 .text.HAL_RCC_ClockConfig
                0x08001b78      0x1cc ./Drivers/STM32F4xx_HAL_Driver/Src/stm32f4xx_hal_rcc.o
                0x08001b78                HAL_RCC_ClockConfig
 .text.HAL_RCC_GetHCLKFreq
                0x08001d44       0x18 ./Drivers/STM32F4xx_HAL_Driver/Src/stm32f4xx_hal_rcc.o
                0x08001d44                HAL_RCC_GetHCLKFreq
 .text.HAL_RCC_GetPCLK1Freq
                0x08001d5c       0x28 ./Drivers/STM32F4xx_HAL_Driver/Src/stm32f4xx_hal_rcc.o
                0x08001d5c                HAL_RCC_GetPCLK1Freq
 .text.HAL_RCC_GetPCLK2Freq
                0x08001d84       0x28 ./Drivers/STM32F4xx_HAL_Driver/Src/stm32f4xx_hal_rcc.o
                0x08001d84                HAL_RCC_GetPCLK2Freq
 .text.HAL_RCC_GetClockConfig
                0x08001dac       0x64 ./Drivers/STM32F4xx_HAL_Driver/Src/stm32f4xx_hal_rcc.o
                0x08001dac                HAL_RCC_GetClockConfig
 .text.HAL_RCC_GetSysClockFreq
                0x08001e10      0x460 ./Drivers/STM32F4xx_HAL_Driver/Src/stm32f4xx_hal_rcc_ex.o
                0x08001e10                HAL_RCC_GetSysClockFreq
 .text.HAL_RCC_OscConfig
                0x08002270      0x53c ./Drivers/STM32F4xx_HAL_Driver/Src/stm32f4xx_hal_rcc_ex.o
                0x08002270                HAL_RCC_OscConfig
 .text.HAL_TIM_Base_Init
                0x080027ac       0x9e ./Drivers/STM32F4xx_HAL_Driver/Src/stm32f4xx_hal_tim.o
                0x080027ac                HAL_TIM_Base_Init
 *fill*         0x0800284a        0x2 
 .text.HAL_TIM_Base_Start_IT
                0x0800284c       0xe0 ./Drivers/STM32F4xx_HAL_Driver/Src/stm32f4xx_hal_tim.o
                0x0800284c                HAL_TIM_Base_Start_IT
 .text.HAL_TIM_Base_Stop_IT
                0x0800292c       0x5e ./Drivers/STM32F4xx_HAL_Driver/Src/stm32f4xx_hal_tim.o
                0x0800292c                HAL_TIM_Base_Stop_IT
 .text.HAL_TIM_PWM_Init
                0x0800298a       0x9e ./Drivers/STM32F4xx_HAL_Driver/Src/stm32f4xx_hal_tim.o
                0x0800298a                HAL_TIM_PWM_Init
 .text.HAL_TIM_PWM_Start
                0x08002a28      0x190 ./Drivers/STM32F4xx_HAL_Driver/Src/stm32f4xx_hal_tim.o
                0x08002a28                HAL_TIM_PWM_Start
 .text.HAL_TIM_PWM_Stop
                0x08002bb8       0xe0 ./Drivers/STM32F4xx_HAL_Driver/Src/stm32f4xx_hal_tim.o
                0x08002bb8                HAL_TIM_PWM_Stop
 .text.HAL_TIM_IRQHandler
                0x08002c98      0x1e0 ./Drivers/STM32F4xx_HAL_Driver/Src/stm32f4xx_hal_tim.o
                0x08002c98                HAL_TIM_IRQHandler
 .text.HAL_TIM_PWM_ConfigChannel
                0x08002e78      0x184 ./Drivers/STM32F4xx_HAL_Driver/Src/stm32f4xx_hal_tim.o
                0x08002e78                HAL_TIM_PWM_ConfigChannel
 .text.HAL_TIM_OC_DelayElapsedCallback
                0x08002ffc       0x14 ./Drivers/STM32F4xx_HAL_Driver/Src/stm32f4xx_hal_tim.o
                0x08002ffc                HAL_TIM_OC_DelayElapsedCallback
 .text.HAL_TIM_IC_CaptureCallback
                0x08003010       0x14 ./Drivers/STM32F4xx_HAL_Driver/Src/stm32f4xx_hal_tim.o
                0x08003010                HAL_TIM_IC_CaptureCallback
 .text.HAL_TIM_PWM_PulseFinishedCallback
                0x08003024       0x14 ./Drivers/STM32F4xx_HAL_Driver/Src/stm32f4xx_hal_tim.o
                0x08003024                HAL_TIM_PWM_PulseFinishedCallback
 .text.HAL_TIM_TriggerCallback
                0x08003038       0x14 ./Drivers/STM32F4xx_HAL_Driver/Src/stm32f4xx_hal_tim.o
                0x08003038                HAL_TIM_TriggerCallback
 .text.TIM_Base_SetConfig
                0x0800304c      0x14c ./Drivers/STM32F4xx_HAL_Driver/Src/stm32f4xx_hal_tim.o
                0x0800304c                TIM_Base_SetConfig
 .text.TIM_OC1_SetConfig
                0x08003198       0xe0 ./Drivers/STM32F4xx_HAL_Driver/Src/stm32f4xx_hal_tim.o
 .text.TIM_OC2_SetConfig
                0x08003278       0xec ./Drivers/STM32F4xx_HAL_Driver/Src/stm32f4xx_hal_tim.o
                0x08003278                TIM_OC2_SetConfig
 .text.TIM_OC3_SetConfig
                0x08003364       0xe8 ./Drivers/STM32F4xx_HAL_Driver/Src/stm32f4xx_hal_tim.o
 .text.TIM_OC4_SetConfig
                0x0800344c       0xac ./Drivers/STM32F4xx_HAL_Driver/Src/stm32f4xx_hal_tim.o
 .text.TIM_CCxChannelCmd
                0x080034f8       0x4a ./Drivers/STM32F4xx_HAL_Driver/Src/stm32f4xx_hal_tim.o
                0x080034f8                TIM_CCxChannelCmd
 *fill*         0x08003542        0x2 
 .text.HAL_TIMEx_MasterConfigSynchronization
                0x08003544       0xf8 ./Drivers/STM32F4xx_HAL_Driver/Src/stm32f4xx_hal_tim_ex.o
                0x08003544                HAL_TIMEx_MasterConfigSynchronization
 .text.HAL_TIMEx_CommutCallback
                0x0800363c       0x14 ./Drivers/STM32F4xx_HAL_Driver/Src/stm32f4xx_hal_tim_ex.o
                0x0800363c                HAL_TIMEx_CommutCallback
 .text.HAL_TIMEx_BreakCallback
                0x08003650       0x14 ./Drivers/STM32F4xx_HAL_Driver/Src/stm32f4xx_hal_tim_ex.o
                0x08003650                HAL_TIMEx_BreakCallback
 .text.HAL_UART_Init
                0x08003664       0xa0 ./Drivers/STM32F4xx_HAL_Driver/Src/stm32f4xx_hal_uart.o
                0x08003664                HAL_UART_Init
 .text.HAL_UART_Transmit
                0x08003704      0x116 ./Drivers/STM32F4xx_HAL_Driver/Src/stm32f4xx_hal_uart.o
                0x08003704                HAL_UART_Transmit
 .text.HAL_UART_Receive_IT
                0x0800381a       0x4a ./Drivers/STM32F4xx_HAL_Driver/Src/stm32f4xx_hal_uart.o
                0x0800381a                HAL_UART_Receive_IT
 .text.HAL_UART_IRQHandler
                0x08003864      0x554 ./Drivers/STM32F4xx_HAL_Driver/Src/stm32f4xx_hal_uart.o
                0x08003864                HAL_UART_IRQHandler
 .text.HAL_UART_TxCpltCallback
                0x08003db8       0x14 ./Drivers/STM32F4xx_HAL_Driver/Src/stm32f4xx_hal_uart.o
                0x08003db8                HAL_UART_TxCpltCallback
 .text.HAL_UART_ErrorCallback
                0x08003dcc       0x14 ./Drivers/STM32F4xx_HAL_Driver/Src/stm32f4xx_hal_uart.o
                0x08003dcc                HAL_UART_ErrorCallback
 .text.HAL_UARTEx_RxEventCallback
                0x08003de0       0x18 ./Drivers/STM32F4xx_HAL_Driver/Src/stm32f4xx_hal_uart.o
                0x08003de0                HAL_UARTEx_RxEventCallback
 .text.UART_WaitOnFlagUntilTimeout
                0x08003df8       0xb2 ./Drivers/STM32F4xx_HAL_Driver/Src/stm32f4xx_hal_uart.o
 .text.UART_Start_Receive_IT
                0x08003eaa       0x74 ./Drivers/STM32F4xx_HAL_Driver/Src/stm32f4xx_hal_uart.o
                0x08003eaa                UART_Start_Receive_IT
 .text.UART_EndRxTransfer
                0x08003f1e       0xc6 ./Drivers/STM32F4xx_HAL_Driver/Src/stm32f4xx_hal_uart.o
 .text.UART_DMAAbortOnError
                0x08003fe4       0x22 ./Drivers/STM32F4xx_HAL_Driver/Src/stm32f4xx_hal_uart.o
 .text.UART_Transmit_IT
                0x08004006       0xa0 ./Drivers/STM32F4xx_HAL_Driver/Src/stm32f4xx_hal_uart.o
 .text.UART_EndTransmit_IT
                0x080040a6       0x30 ./Drivers/STM32F4xx_HAL_Driver/Src/stm32f4xx_hal_uart.o
 .text.UART_Receive_IT
                0x080040d6      0x17c ./Drivers/STM32F4xx_HAL_Driver/Src/stm32f4xx_hal_uart.o
 *fill*         0x08004252        0x2 
 .text.UART_SetConfig
                0x08004254      0x4e8 ./Drivers/STM32F4xx_HAL_Driver/Src/stm32f4xx_hal_uart.o
 .text.memset   0x0800473c       0x10 C:/ST/STM32CubeIDE_1.18.1/STM32CubeIDE/plugins/com.st.stm32cube.ide.mcu.externaltools.gnu-tools-for-stm32.13.3.rel1.win32_1.0.100.202509120712/tools/bin/../lib/gcc/arm-none-eabi/13.3.1/../../../../arm-none-eabi/lib/thumb/v7e-m+fp/hard\libc_nano.a(libc_a-memset.o)
                0x0800473c                memset
 .text.__libc_init_array
                0x0800474c       0x48 C:/ST/STM32CubeIDE_1.18.1/STM32CubeIDE/plugins/com.st.stm32cube.ide.mcu.externaltools.gnu-tools-for-stm32.13.3.rel1.win32_1.0.100.202509120712/tools/bin/../lib/gcc/arm-none-eabi/13.3.1/../../../../arm-none-eabi/lib/thumb/v7e-m+fp/hard\libc_nano.a(libc_a-init.o)
                0x0800474c                __libc_init_array
 *(.glue_7)
 .glue_7        0x08004794        0x0 linker stubs
 *(.glue_7t)
 .glue_7t       0x08004794        0x0 linker stubs
 *(.eh_frame)
 .eh_frame      0x08004794        0x0 C:/ST/STM32CubeIDE_1.18.1/STM32CubeIDE/plugins/com.st.stm32cube.ide.mcu.externaltools.gnu-tools-for-stm32.13.3.rel1.win32_1.0.100.202509120712/tools/bin/../lib/gcc/arm-none-eabi/13.3.1/thumb/v7e-m+fp/hard/crtbegin.o
 *(.init)
 .init          0x08004794        0x4 C:/ST/STM32CubeIDE_1.18.1/STM32CubeIDE/plugins/com.st.stm32cube.ide.mcu.externaltools.gnu-tools-for-stm32.13.3.rel1.win32_1.0.100.202509120712/tools/bin/../lib/gcc/arm-none-eabi/13.3.1/thumb/v7e-m+fp/hard/crti.o
                0x08004794                _init
 .init          0x08004798        0x8 C:/ST/STM32CubeIDE_1.18.1/STM32CubeIDE/plugins/com.st.stm32cube.ide.mcu.externaltools.gnu-tools-for-stm32.13.3.rel1.win32_1.0.100.202509120712/tools/bin/../lib/gcc/arm-none-eabi/13.3.1/thumb/v7e-m+fp/hard/crtn.o
 *(.fini)
 .fini          0x080047a0        0x4 C:/ST/STM32CubeIDE_1.18.1/STM32CubeIDE/plugins/com.st.stm32cube.ide.mcu.externaltools.gnu-tools-for-stm32.13.3.rel1.win32_1.0.100.202509120712/tools/bin/../lib/gcc/arm-none-eabi/13.3.1/thumb/v7e-m+fp/hard/crti.o
                0x080047a0                _fini
 .fini          0x080047a4        0x8 C:/ST/STM32CubeIDE_1.18.1/STM32CubeIDE/plugins/com.st.stm32cube.ide.mcu.externaltools.gnu-tools-for-stm32.13.3.rel1.win32_1.0.100.202509120712/tools/bin/../lib/gcc/arm-none-eabi/13.3.1/thumb/v7e-m+fp/hard/crtn.o
                0x080047ac                        . = ALIGN (0x4)
                0x080047ac                        _etext = .

.vfp11_veneer   0x080047ac        0x0
 .vfp11_veneer  0x080047ac        0x0 linker stubs

.v4_bx          0x080047ac        0x0
 .v4_bx         0x080047ac        0x0 linker stubs

.iplt           0x080047ac        0x0
 .iplt          0x080047ac        0x0 C:/ST/STM32CubeIDE_1.18.1/STM32CubeIDE/plugins/com.st.stm32cube.ide.mcu.externaltools.gnu-tools-for-stm32.13.3.rel1.win32_1.0.100.202509120712/tools/bin/../lib/gcc/arm-none-eabi/13.3.1/thumb/v7e-m+fp/hard/crtbegin.o

.rodata         0x080047ac    0x4e2c4
                0x080047ac                        . = ALIGN (0x4)
 *(.rodata)
 .rodata        0x080047ac       0x16 ./Core/Src/lab_audio.o
 *(.rodata*)
 *fill*         0x080047c2        0x2 
 .rodata.audio_dac
                0x080047c4    0x27100 ./Core/Src/lab_audio.o
 .rodata.audio_pwm
                0x0802b8c4    0x27100 ./Core/Src/lab_audio.o
 .rodata.menu   0x080529c4       0x93 ./Core/Src/lab_audio.o
 *fill*         0x08052a57        0x1 
 .rodata.AHBPrescTable
                0x08052a58       0x10 ./Core/Src/system_stm32f4xx.o
                0x08052a58                AHBPrescTable
 .rodata.APBPrescTable
                0x08052a68        0x8 ./Core/Src/system_stm32f4xx.o
                0x08052a68                APBPrescTable
                0x08052a70                        . = ALIGN (0x4)

.ARM.extab      0x08052a70        0x0
                0x08052a70                        . = ALIGN (0x4)
 *(.ARM.extab* .gnu.linkonce.armextab.*)
                0x08052a70                        . = ALIGN (0x4)

.ARM            0x08052a70        0x8
                0x08052a70                        . = ALIGN (0x4)
                0x08052a70                        __exidx_start = .
 *(.ARM.exidx*)
 .ARM.exidx     0x08052a70        0x8 C:/ST/STM32CubeIDE_1.18.1/STM32CubeIDE/plugins/com.st.stm32cube.ide.mcu.externaltools.gnu-tools-for-stm32.13.3.rel1.win32_1.0.100.202509120712/tools/bin/../lib/gcc/arm-none-eabi/13.3.1/thumb/v7e-m+fp/hard\libgcc.a(_udivmoddi4.o)
                0x08052a78                        __exidx_end = .
                0x08052a78                        . = ALIGN (0x4)

.preinit_array  0x08052a78        0x0
                0x08052a78                        . = ALIGN (0x4)
                0x08052a78                        PROVIDE (__preinit_array_start = .)
 *(.preinit_array*)
                0x08052a78                        PROVIDE (__preinit_array_end = .)
                0x08052a78                        . = ALIGN (0x4)

.init_array     0x08052a78        0x4
                0x08052a78                        . = ALIGN (0x4)
                0x08052a78                        PROVIDE (__init_array_start = .)
 *(SORT_BY_NAME(.init_array.*))
 *(.init_array*)
 .init_array    0x08052a78        0x4 C:/ST/STM32CubeIDE_1.18.1/STM32CubeIDE/plugins/com.st.stm32cube.ide.mcu.externaltools.gnu-tools-for-stm32.13.3.rel1.win32_1.0.100.202509120712/tools/bin/../lib/gcc/arm-none-eabi/13.3.1/thumb/v7e-m+fp/hard/crtbegin.o
                0x08052a7c                        PROVIDE (__init_array_end = .)
                0x08052a7c                        . = ALIGN (0x4)

.fini_array     0x08052a7c        0x4
                0x08052a7c                        . = ALIGN (0x4)
                [!provide]                        PROVIDE (__fini_array_start = .)
 *(SORT_BY_NAME(.fini_array.*))
 *(.fini_array*)
 .fini_array    0x08052a7c        0x4 C:/ST/STM32CubeIDE_1.18.1/STM32CubeIDE/plugins/com.st.stm32cube.ide.mcu.externaltools.gnu-tools-for-stm32.13.3.rel1.win32_1.0.100.202509120712/tools/bin/../lib/gcc/arm-none-eabi/13.3.1/thumb/v7e-m+fp/hard/crtbegin.o
                [!provide]                        PROVIDE (__fini_array_end = .)
                0x08052a80                        . = ALIGN (0x4)
                0x08052a80                        _sidata = LOADADDR (.data)

.rel.dyn        0x08052a80        0x0
 .rel.iplt      0x08052a80        0x0 C:/ST/STM32CubeIDE_1.18.1/STM32CubeIDE/plugins/com.st.stm32cube.ide.mcu.externaltools.gnu-tools-for-stm32.13.3.rel1.win32_1.0.100.202509120712/tools/bin/../lib/gcc/arm-none-eabi/13.3.1/thumb/v7e-m+fp/hard/crtbegin.o

.data           0x20000000        0xc load address 0x08052a80
                0x20000000                        . = ALIGN (0x4)
                0x20000000                        _sdata = .
 *(.data)
 *(.data*)
 .data.SystemCoreClock
                0x20000000        0x4 ./Core/Src/system_stm32f4xx.o
                0x20000000                SystemCoreClock
 .data.uwTickPrio
                0x20000004        0x4 ./Drivers/STM32F4xx_HAL_Driver/Src/stm32f4xx_hal.o
                0x20000004                uwTickPrio
 .data.uwTickFreq
                0x20000008        0x1 ./Drivers/STM32F4xx_HAL_Driver/Src/stm32f4xx_hal.o
                0x20000008                uwTickFreq
 *(.RamFunc)
 *(.RamFunc*)
                0x2000000c                        . = ALIGN (0x4)
 *fill*         0x20000009        0x3 
                0x2000000c                        _edata = .

.igot.plt       0x2000000c        0x0 load address 0x08052a8c
 .igot.plt      0x2000000c        0x0 C:/ST/STM32CubeIDE_1.18.1/STM32CubeIDE/plugins/com.st.stm32cube.ide.mcu.externaltools.gnu-tools-for-stm32.13.3.rel1.win32_1.0.100.202509120712/tools/bin/../lib/gcc/arm-none-eabi/13.3.1/thumb/v7e-m+fp/hard/crtbegin.o
                0x2000000c                        . = ALIGN (0x4)

.bss            0x2000000c      0x118 load address 0x08052a8c
                0x2000000c                        _sbss = .
                0x2000000c                        __bss_start__ = _sbss
 *(.bss)
 .bss           0x2000000c       0x1c C:/ST/STM32CubeIDE_1.18.1/STM32CubeIDE/plugins/com.st.stm32cube.ide.mcu.externaltools.gnu-tools-for-stm32.13.3.rel1.win32_1.0.100.202509120712/tools/bin/../lib/gcc/arm-none-eabi/13.3.1/thumb/v7e-m+fp/hard/crtbegin.o
 *(.bss*)
 .bss.mode      0x20000028        0x1 ./Core/Src/lab_audio.o
 *fill*         0x20000029        0x3 
 .bss.sample_index
                0x2000002c        0x4 ./Core/Src/lab_audio.o
 .bss.finished  0x20000030        0x1 ./Core/Src/lab_audio.o
 .bss.rx_byte   0x20000031        0x1 ./Core/Src/lab_audio.o
 *fill*         0x20000032        0x2 
 .bss.hdac      0x20000034       0x14 ./Core/Src/main.o
                0x20000034                hdac
 .bss.htim3     0x20000048       0x48 ./Core/Src/main.o
                0x20000048                htim3
 .bss.htim6     0x20000090       0x48 ./Core/Src/main.o
                0x20000090                htim6
 .bss.huart2    0x200000d8       0x48 ./Core/Src/main.o
                0x200000d8                huart2
 .bss.uwTick    0x20000120        0x4 ./Drivers/STM32F4xx_HAL_Driver/Src/stm32f4xx_hal.o
                0x20000120                uwTick
 *(COMMON)
                0x20000124                        . = ALIGN (0x4)
                0x20000124                        _ebss = .
                0x20000124                        __bss_end__ = _ebss

._user_heap_stack
                0x20000124      0x604 load address 0x08052a8c
                0x20000128                        . = ALIGN (0x8)
 *fill*         0x20000124        0x4 
                [!provide]                        PROVIDE (end = .)
                0x20000128                        PROVIDE (_end = .)
                0x20000328                        . = (. + _Min_Heap_Size)
 *fill*         0x20000128      0x200 
                0x20000728                        . = (. + _Min_Stack_Size)
 *fill*         0x20000328      0x400 
                0x20000728                        . = ALIGN (0x8)

/DISCARD/
 libc.a(*)
 libm.a(*)
 libgcc.a(*)

.ARM.attributes
                0x00000000       0x30
 *(.ARM.attributes)
 .ARM.attributes
                0x00000000       0x22 C:/ST/STM32CubeIDE_1.18.1/STM32CubeIDE/plugins/com.st.stm32cube.ide.mcu.externaltools.gnu-tools-for-stm32.13.3.rel1.win32_1.0.100.202509120712/tools/bin/../lib/gcc/arm-none-eabi/13.3.1/thumb/v7e-m+fp/hard/crti.o
 .ARM.attributes
                0x00000022       0x34 C:/ST/STM32CubeIDE_1.18.1/STM32CubeIDE/plugins/com.st.stm32cube.ide.mcu.externaltools.gnu-tools-for-stm32.13.3.rel1.win32_1.0.100.202509120712/tools/bin/../lib/gcc/arm-none-eabi/13.3.1/thumb/v7e-m+fp/hard/crtbegin.o
 .ARM.attributes
                0x00000056       0x34 ./Core/Src/lab_audio.o
 .ARM.attributes
                0x0000008a       0x34 ./Core/Src/main.o
 .ARM.attributes
                0x000000be       0x34 ./Core/Src/stm32f4xx_hal_msp.o
 .ARM.attributes
                0x000000f2       0x34 ./Core/Src/stm32f4xx_it.o
 .ARM.attributes
                0x00000126       0x34 ./Core/Src/system_stm32f4xx.o
 .ARM.attributes
                0x0000015a       0x21 ./Core/Startup/startup_stm32f446retx.o
 .ARM.attributes
                0x0000017b       0x34 ./Drivers/STM32F4xx_HAL_Driver/Src/stm32f4xx_hal.o
 .ARM.attributes
                0x000001af       0x34 ./Drivers/STM32F4xx_HAL_Driver/Src/stm32f4xx_hal_cortex.o
 .ARM.attributes
                0x000001e3       0x34 ./Drivers/STM32F4xx_HAL_Driver/Src/stm32f4xx_hal_dac.o
 .ARM.attributes
                0x00000217       0x34 ./Drivers/STM32F4xx_HAL_Driver/Src/stm32f4xx_hal_dac_ex.o
 .ARM.attributes
                0x0000024b       0x34 ./Drivers/STM32F4xx_HAL_Driver/Src/stm32f4xx_hal_dma.o
 .ARM.attributes
                0x0000027f       0x34 ./Drivers/STM32F4xx_HAL_Driver/Src/stm32f4xx_hal_gpio.o
 .ARM.attributes
                0x000002b3       0x34 ./Drivers/STM32F4xx_HAL_Driver/Src/stm32f4xx_hal_pwr_ex.o
 .ARM.attributes
                0x000002e7       0x34 ./Drivers/STM32F4xx_HAL_Driver/Src/stm32f4xx_hal_rcc.o
 .ARM.attributes
                0x0000031b       0x34 ./Drivers/STM32F4xx_HAL_Driver/Src/stm32f4xx_hal_rcc_ex.o
 .ARM.attributes
                0x0000034f       0x34 ./Drivers/STM32F4xx_HAL_Driver/Src/stm32f4xx_hal_tim.o
 .ARM.attributes
                0x00000383       0x34 ./Drivers/STM32F4xx_HAL_Driver/Src/stm32f4xx_hal_tim_ex.o
 .ARM.attributes
                0x000003b7       0x34 ./Drivers/STM32F4xx_HAL_Driver/Src/stm32f4xx_hal_uart.o
 .ARM.attributes
                0x000003eb       0x34 C:/ST/STM32CubeIDE_1.18.1/STM32CubeIDE/plugins/com.st.stm32cube.ide.mcu.externaltools.gnu-tools-for-stm32.13.3.rel1.win32_1.0.100.202509120712/tools/bin/../lib/gcc/arm-none-eabi/13.3.1/../../../../arm-none-eabi/lib/thumb/v7e-m+fp/hard\libc_nano.a(libc_a-memset.o)
 .ARM.attributes
                0x0000041f       0x34 C:/ST/STM32CubeIDE_1.18.1/STM32CubeIDE/plugins/com.st.stm32cube.ide.mcu.externaltools.gnu-tools-for-stm32.13.3.rel1.win32_1.0.100.202509120712/tools/bin/../lib/gcc/arm-none-eabi/13.3.1/../../../../arm-none-eabi/lib/thumb/v7e-m+fp/hard\libc_nano.a(libc_a-init.o)
 .ARM.attributes
                0x00000453       0x22 C:/ST/STM32CubeIDE_1.18.1/STM32CubeIDE/plugins/com.st.stm32cube.ide.mcu.externaltools.gnu-tools-for-stm32.13.3.rel1.win32_1.0.100.202509120712/tools/bin/../lib/gcc/arm-none-eabi/13.3.1/thumb/v7e-m+fp/hard\libgcc.a(_aeabi_uldivmod.o)
 .ARM.attributes
                0x00000475       0x34 C:/ST/STM32CubeIDE_1.18.1/STM32CubeIDE/plugins/com.st.stm32cube.ide.mcu.externaltools.gnu-tools-for-stm32.13.3.rel1.win32_1.0.100.202509120712/tools/bin/../lib/gcc/arm-none-eabi/13.3.1/thumb/v7e-m+fp/hard\libgcc.a(_udivmoddi4.o)
 .ARM.attributes
                0x000004a9       0x22 C:/ST/STM32CubeIDE_1.18.1/STM32CubeIDE/plugins/com.st.stm32cube.ide.mcu.externaltools.gnu-tools-for-stm32.13.3.rel1.win32_1.0.100.202509120712/tools/bin/../lib/gcc/arm-none-eabi/13.3.1/thumb/v7e-m+fp/hard\libgcc.a(_dvmd_tls.o)
 .ARM.attributes
                0x000004cb       0x22 C:/ST/STM32CubeIDE_1.18.1/STM32CubeIDE/plugins/com.st.stm32cube.ide.mcu.externaltools.gnu-tools-for-stm32.13.3.rel1.win32_1.0.100.202509120712/tools/bin/../lib/gcc/arm-none-eabi/13.3.1/thumb/v7e-m+fp/hard/crtn.o
OUTPUT(Laboratorio_7_1.elf elf32-littlearm)
LOAD linker stubs
LOAD C:/ST/STM32CubeIDE_1.18.1/STM32CubeIDE/plugins/com.st.stm32cube.ide.mcu.externaltools.gnu-tools-for-stm32.13.3.rel1.win32_1.0.100.202509120712/tools/bin/../lib/gcc/arm-none-eabi/13.3.1/../../../../arm-none-eabi/lib/thumb/v7e-m+fp/hard\libc.a
LOAD C:/ST/STM32CubeIDE_1.18.1/STM32CubeIDE/plugins/com.st.stm32cube.ide.mcu.externaltools.gnu-tools-for-stm32.13.3.rel1.win32_1.0.100.202509120712/tools/bin/../lib/gcc/arm-none-eabi/13.3.1/../../../../arm-none-eabi/lib/thumb/v7e-m+fp/hard\libm.a
LOAD C:/ST/STM32CubeIDE_1.18.1/STM32CubeIDE/plugins/com.st.stm32cube.ide.mcu.externaltools.gnu-tools-for-stm32.13.3.rel1.win32_1.0.100.202509120712/tools/bin/../lib/gcc/arm-none-eabi/13.3.1/thumb/v7e-m+fp/hard\libgcc.a

.debug_info     0x00000000    0x104bf
 .debug_info    0x00000000      0xf2a ./Core/Src/lab_audio.o
 .debug_info    0x00000f2a     0x132d ./Core/Src/main.o
 .debug_info    0x00002257     0x1243 ./Core/Src/stm32f4xx_hal_msp.o
 .debug_info    0x0000349a      0xb24 ./Core/Src/stm32f4xx_it.o
 .debug_info    0x00003fbe      0x54a ./Core/Src/system_stm32f4xx.o
 .debug_info    0x00004508       0x30 ./Core/Startup/startup_stm32f446retx.o
 .debug_info    0x00004538      0x99a ./Drivers/STM32F4xx_HAL_Driver/Src/stm32f4xx_hal.o
 .debug_info    0x00004ed2      0xdaa ./Drivers/STM32F4xx_HAL_Driver/Src/stm32f4xx_hal_cortex.o
 .debug_info    0x00005c7c      0xa01 ./Drivers/STM32F4xx_HAL_Driver/Src/stm32f4xx_hal_dac.o
 .debug_info    0x0000667d      0x750 ./Drivers/STM32F4xx_HAL_Driver/Src/stm32f4xx_hal_dac_ex.o
 .debug_info    0x00006dcd      0x8e7 ./Drivers/STM32F4xx_HAL_Driver/Src/stm32f4xx_hal_dma.o
 .debug_info    0x000076b4      0x70b ./Drivers/STM32F4xx_HAL_Driver/Src/stm32f4xx_hal_gpio.o
 .debug_info    0x00007dbf      0x6da ./Drivers/STM32F4xx_HAL_Driver/Src/stm32f4xx_hal_pwr_ex.o
 .debug_info    0x00008499      0x8ff ./Drivers/STM32F4xx_HAL_Driver/Src/stm32f4xx_hal_rcc.o
 .debug_info    0x00008d98      0x960 ./Drivers/STM32F4xx_HAL_Driver/Src/stm32f4xx_hal_rcc_ex.o
 .debug_info    0x000096f8     0x299d ./Drivers/STM32F4xx_HAL_Driver/Src/stm32f4xx_hal_tim.o
 .debug_info    0x0000c095     0x14db ./Drivers/STM32F4xx_HAL_Driver/Src/stm32f4xx_hal_tim_ex.o
 .debug_info    0x0000d570     0x2f4f ./Drivers/STM32F4xx_HAL_Driver/Src/stm32f4xx_hal_uart.o

.debug_abbrev   0x00000000     0x2644
 .debug_abbrev  0x00000000      0x283 ./Core/Src/lab_audio.o
 .debug_abbrev  0x00000283      0x29e ./Core/Src/main.o
 .debug_abbrev  0x00000521      0x257 ./Core/Src/stm32f4xx_hal_msp.o
 .debug_abbrev  0x00000778      0x19c ./Core/Src/stm32f4xx_it.o
 .debug_abbrev  0x00000914      0x11a ./Core/Src/system_stm32f4xx.o
 .debug_abbrev  0x00000a2e       0x24 ./Core/Startup/startup_stm32f446retx.o
 .debug_abbrev  0x00000a52      0x214 ./Drivers/STM32F4xx_HAL_Driver/Src/stm32f4xx_hal.o
 .debug_abbrev  0x00000c66      0x31d ./Drivers/STM32F4xx_HAL_Driver/Src/stm32f4xx_hal_cortex.o
 .debug_abbrev  0x00000f83      0x1fa ./Drivers/STM32F4xx_HAL_Driver/Src/stm32f4xx_hal_dac.o
 .debug_abbrev  0x0000117d      0x1ef ./Drivers/STM32F4xx_HAL_Driver/Src/stm32f4xx_hal_dac_ex.o
 .debug_abbrev  0x0000136c      0x264 ./Drivers/STM32F4xx_HAL_Driver/Src/stm32f4xx_hal_dma.o
 .debug_abbrev  0x000015d0      0x1d4 ./Drivers/STM32F4xx_HAL_Driver/Src/stm32f4xx_hal_gpio.o
 .debug_abbrev  0x000017a4      0x1cf ./Drivers/STM32F4xx_HAL_Driver/Src/stm32f4xx_hal_pwr_ex.o
 .debug_abbrev  0x00001973      0x2b7 ./Drivers/STM32F4xx_HAL_Driver/Src/stm32f4xx_hal_rcc.o
 .debug_abbrev  0x00001c2a      0x211 ./Drivers/STM32F4xx_HAL_Driver/Src/stm32f4xx_hal_rcc_ex.o
 .debug_abbrev  0x00001e3b      0x278 ./Drivers/STM32F4xx_HAL_Driver/Src/stm32f4xx_hal_tim.o
 .debug_abbrev  0x000020b3      0x283 ./Drivers/STM32F4xx_HAL_Driver/Src/stm32f4xx_hal_tim_ex.o
 .debug_abbrev  0x00002336      0x30e ./Drivers/STM32F4xx_HAL_Driver/Src/stm32f4xx_hal_uart.o

.debug_aranges  0x00000000      0xec8
 .debug_aranges
                0x00000000       0x60 ./Core/Src/lab_audio.o
 .debug_aranges
                0x00000060       0x58 ./Core/Src/main.o
 .debug_aranges
                0x000000b8       0x68 ./Core/Src/stm32f4xx_hal_msp.o
 .debug_aranges
                0x00000120       0x70 ./Core/Src/stm32f4xx_it.o
 .debug_aranges
                0x00000190       0x28 ./Core/Src/system_stm32f4xx.o
 .debug_aranges
                0x000001b8       0x28 ./Core/Startup/startup_stm32f446retx.o
 .debug_aranges
                0x000001e0       0xf0 ./Drivers/STM32F4xx_HAL_Driver/Src/stm32f4xx_hal.o
 .debug_aranges
                0x000002d0      0x130 ./Drivers/STM32F4xx_HAL_Driver/Src/stm32f4xx_hal_cortex.o
 .debug_aranges
                0x00000400       0xc0 ./Drivers/STM32F4xx_HAL_Driver/Src/stm32f4xx_hal_dac.o
 .debug_aranges
                0x000004c0       0x80 ./Drivers/STM32F4xx_HAL_Driver/Src/stm32f4xx_hal_dac_ex.o
 .debug_aranges
                0x00000540       0x90 ./Drivers/STM32F4xx_HAL_Driver/Src/stm32f4xx_hal_dma.o
 .debug_aranges
                0x000005d0       0x58 ./Drivers/STM32F4xx_HAL_Driver/Src/stm32f4xx_hal_gpio.o
 .debug_aranges
                0x00000628       0x60 ./Drivers/STM32F4xx_HAL_Driver/Src/stm32f4xx_hal_pwr_ex.o
 .debug_aranges
                0x00000688       0x88 ./Drivers/STM32F4xx_HAL_Driver/Src/stm32f4xx_hal_rcc.o
 .debug_aranges
                0x00000710       0x78 ./Drivers/STM32F4xx_HAL_Driver/Src/stm32f4xx_hal_rcc_ex.o
 .debug_aranges
                0x00000788      0x3d0 ./Drivers/STM32F4xx_HAL_Driver/Src/stm32f4xx_hal_tim.o
 .debug_aranges
                0x00000b58      0x168 ./Drivers/STM32F4xx_HAL_Driver/Src/stm32f4xx_hal_tim_ex.o
 .debug_aranges
                0x00000cc0      0x208 ./Drivers/STM32F4xx_HAL_Driver/Src/stm32f4xx_hal_uart.o

.debug_rnglists
                0x00000000      0xb82
 .debug_rnglists
                0x00000000       0x45 ./Core/Src/lab_audio.o
 .debug_rnglists
                0x00000045       0x40 ./Core/Src/main.o
 .debug_rnglists
                0x00000085       0x4b ./Core/Src/stm32f4xx_hal_msp.o
 .debug_rnglists
                0x000000d0       0x4f ./Core/Src/stm32f4xx_it.o
 .debug_rnglists
                0x0000011f       0x1a ./Core/Src/system_stm32f4xx.o
 .debug_rnglists
                0x00000139       0x19 ./Core/Startup/startup_stm32f446retx.o
 .debug_rnglists
                0x00000152       0xaf ./Drivers/STM32F4xx_HAL_Driver/Src/stm32f4xx_hal.o
 .debug_rnglists
                0x00000201       0xe0 ./Drivers/STM32F4xx_HAL_Driver/Src/stm32f4xx_hal_cortex.o
 .debug_rnglists
                0x000002e1       0x90 ./Drivers/STM32F4xx_HAL_Driver/Src/stm32f4xx_hal_dac.o
 .debug_rnglists
                0x00000371       0x5c ./Drivers/STM32F4xx_HAL_Driver/Src/stm32f4xx_hal_dac_ex.o
 .debug_rnglists
                0x000003cd       0x70 ./Drivers/STM32F4xx_HAL_Driver/Src/stm32f4xx_hal_dma.o
 .debug_rnglists
                0x0000043d       0x3f ./Drivers/STM32F4xx_HAL_Driver/Src/stm32f4xx_hal_gpio.o
 .debug_rnglists
                0x0000047c       0x47 ./Drivers/STM32F4xx_HAL_Driver/Src/stm32f4xx_hal_pwr_ex.o
 .debug_rnglists
                0x000004c3       0x66 ./Drivers/STM32F4xx_HAL_Driver/Src/stm32f4xx_hal_rcc.o
 .debug_rnglists
                0x00000529       0x5e ./Drivers/STM32F4xx_HAL_Driver/Src/stm32f4xx_hal_rcc_ex.o
 .debug_rnglists
                0x00000587      0x31a ./Drivers/STM32F4xx_HAL_Driver/Src/stm32f4xx_hal_tim.o
 .debug_rnglists
                0x000008a1      0x125 ./Drivers/STM32F4xx_HAL_Driver/Src/stm32f4xx_hal_tim_ex.o
 .debug_rnglists
                0x000009c6      0x1bc ./Drivers/STM32F4xx_HAL_Driver/Src/stm32f4xx_hal_uart.o

.debug_macro    0x00000000    0x2250c
 .debug_macro   0x00000000      0x2db ./Core/Src/lab_audio.o
 .debug_macro   0x000002db      0xad8 ./Core/Src/lab_audio.o
 .debug_macro   0x00000db3      0x2a1 ./Core/Src/lab_audio.o
 .debug_macro   0x00001054       0x2e ./Core/Src/lab_audio.o
 .debug_macro   0x00001082       0x28 ./Core/Src/lab_audio.o
 .debug_macro   0x000010aa       0x22 ./Core/Src/lab_audio.o
 .debug_macro   0x000010cc       0x8e ./Core/Src/lab_audio.o
 .debug_macro   0x0000115a       0x51 ./Core/Src/lab_audio.o
 .debug_macro   0x000011ab      0x103 ./Core/Src/lab_audio.o
 .debug_macro   0x000012ae       0x6a ./Core/Src/lab_audio.o
 .debug_macro   0x00001318      0x1df ./Core/Src/lab_audio.o
 .debug_macro   0x000014f7       0x1c ./Core/Src/lab_audio.o
 .debug_macro   0x00001513       0x22 ./Core/Src/lab_audio.o
 .debug_macro   0x00001535       0xfb ./Core/Src/lab_audio.o
 .debug_macro   0x00001630     0x1011 ./Core/Src/lab_audio.o
 .debug_macro   0x00002641      0x11f ./Core/Src/lab_audio.o
 .debug_macro   0x00002760    0x1675e ./Core/Src/lab_audio.o
 .debug_macro   0x00018ebe       0x6d ./Core/Src/lab_audio.o
 .debug_macro   0x00018f2b     0x3693 ./Core/Src/lab_audio.o
 .debug_macro   0x0001c5be      0x190 ./Core/Src/lab_audio.o
 .debug_macro   0x0001c74e       0x5c ./Core/Src/lab_audio.o
 .debug_macro   0x0001c7aa      0xca5 ./Core/Src/lab_audio.o
 .debug_macro   0x0001d44f      0x9e9 ./Core/Src/lab_audio.o
 .debug_macro   0x0001de38      0x115 ./Core/Src/lab_audio.o
 .debug_macro   0x0001df4d      0x1a0 ./Core/Src/lab_audio.o
 .debug_macro   0x0001e0ed       0xa5 ./Core/Src/lab_audio.o
 .debug_macro   0x0001e192      0x16d ./Core/Src/lab_audio.o
 .debug_macro   0x0001e2ff      0x287 ./Core/Src/lab_audio.o
 .debug_macro   0x0001e586       0x5f ./Core/Src/lab_audio.o
 .debug_macro   0x0001e5e5      0x236 ./Core/Src/lab_audio.o
 .debug_macro   0x0001e81b      0x122 ./Core/Src/lab_audio.o
 .debug_macro   0x0001e93d       0xa6 ./Core/Src/lab_audio.o
 .debug_macro   0x0001e9e3      0x132 ./Core/Src/lab_audio.o
 .debug_macro   0x0001eb15      0x29c ./Core/Src/lab_audio.o
 .debug_macro   0x0001edb1       0x2e ./Core/Src/lab_audio.o
 .debug_macro   0x0001eddf      0x127 ./Core/Src/lab_audio.o
 .debug_macro   0x0001ef06       0xe8 ./Core/Src/lab_audio.o
 .debug_macro   0x0001efee       0x89 ./Core/Src/lab_audio.o
 .debug_macro   0x0001f077      0x8ed ./Core/Src/lab_audio.o
 .debug_macro   0x0001f964       0x53 ./Core/Src/lab_audio.o
 .debug_macro   0x0001f9b7      0x2aa ./Core/Src/lab_audio.o
 .debug_macro   0x0001fc61      0x126 ./Core/Src/lab_audio.o
 .debug_macro   0x0001fd87       0x40 ./Core/Src/lab_audio.o
 .debug_macro   0x0001fdc7       0x16 ./Core/Src/lab_audio.o
 .debug_macro   0x0001fddd       0x16 ./Core/Src/lab_audio.o
 .debug_macro   0x0001fdf3       0x61 ./Core/Src/lab_audio.o
 .debug_macro   0x0001fe54       0x2a ./Core/Src/lab_audio.o
 .debug_macro   0x0001fe7e       0x43 ./Core/Src/lab_audio.o
 .debug_macro   0x0001fec1       0x34 ./Core/Src/lab_audio.o
 .debug_macro   0x0001fef5      0x370 ./Core/Src/lab_audio.o
 .debug_macro   0x00020265       0x16 ./Core/Src/lab_audio.o
 .debug_macro   0x0002027b       0x4a ./Core/Src/lab_audio.o
 .debug_macro   0x000202c5       0x34 ./Core/Src/lab_audio.o
 .debug_macro   0x000202f9       0x10 ./Core/Src/lab_audio.o
 .debug_macro   0x00020309       0x58 ./Core/Src/lab_audio.o
 .debug_macro   0x00020361       0x8e ./Core/Src/lab_audio.o
 .debug_macro   0x000203ef       0x1c ./Core/Src/lab_audio.o
 .debug_macro   0x0002040b      0x185 ./Core/Src/lab_audio.o
 .debug_macro   0x00020590       0x10 ./Core/Src/lab_audio.o
 .debug_macro   0x000205a0       0x3c ./Core/Src/lab_audio.o
 .debug_macro   0x000205dc       0x20 ./Core/Src/lab_audio.o
 .debug_macro   0x000205fc      0x1ff ./Core/Src/main.o
 .debug_macro   0x000207fb      0x1f1 ./Core/Src/stm32f4xx_hal_msp.o
 .debug_macro   0x000209ec      0x1fb ./Core/Src/stm32f4xx_it.o
 .debug_macro   0x00020be7      0x1e2 ./Core/Src/system_stm32f4xx.o
 .debug_macro   0x00020dc9      0x242 ./Drivers/STM32F4xx_HAL_Driver/Src/stm32f4xx_hal.o
 .debug_macro   0x0002100b      0x1e2 ./Drivers/STM32F4xx_HAL_Driver/Src/stm32f4xx_hal_cortex.o
 .debug_macro   0x000211ed      0x1e3 ./Drivers/STM32F4xx_HAL_Driver/Src/stm32f4xx_hal_dac.o
 .debug_macro   0x000213d0      0x1e2 ./Drivers/STM32F4xx_HAL_Driver/Src/stm32f4xx_hal_dac_ex.o
 .debug_macro   0x000215b2      0x1e8 ./Drivers/STM32F4xx_HAL_Driver/Src/stm32f4xx_hal_dma.o
 .debug_macro   0x0002179a      0x1e8 ./Drivers/STM32F4xx_HAL_Driver/Src/stm32f4xx_hal_gpio.o
 .debug_macro   0x00021982      0x1fa ./Drivers/STM32F4xx_HAL_Driver/Src/stm32f4xx_hal_pwr_ex.o
 .debug_macro   0x00021b7c      0x206 ./Drivers/STM32F4xx_HAL_Driver/Src/stm32f4xx_hal_rcc.o
 .debug_macro   0x00021d82      0x1e2 ./Drivers/STM32F4xx_HAL_Driver/Src/stm32f4xx_hal_rcc_ex.o
 .debug_macro   0x00021f64      0x1e3 ./Drivers/STM32F4xx_HAL_Driver/Src/stm32f4xx_hal_tim.o
 .debug_macro   0x00022147      0x1e2 ./Drivers/STM32F4xx_HAL_Driver/Src/stm32f4xx_hal_tim_ex.o
 .debug_macro   0x00022329      0x1e3 ./Drivers/STM32F4xx_HAL_Driver/Src/stm32f4xx_hal_uart.o

.debug_line     0x00000000    0x11b7c
 .debug_line    0x00000000      0xb15 ./Core/Src/lab_audio.o
 .debug_line    0x00000b15      0x975 ./Core/Src/main.o
 .debug_line    0x0000148a      0x8bf ./Core/Src/stm32f4xx_hal_msp.o
 .debug_line    0x00001d49      0x85f ./Core/Src/stm32f4xx_it.o
 .debug_line    0x000025a8      0x7f5 ./Core/Src/system_stm32f4xx.o
 .debug_line    0x00002d9d       0x7a ./Core/Startup/startup_stm32f446retx.o
 .debug_line    0x00002e17      0xa71 ./Drivers/STM32F4xx_HAL_Driver/Src/stm32f4xx_hal.o
 .debug_line    0x00003888      0xd41 ./Drivers/STM32F4xx_HAL_Driver/Src/stm32f4xx_hal_cortex.o
 .debug_line    0x000045c9      0xb83 ./Drivers/STM32F4xx_HAL_Driver/Src/stm32f4xx_hal_dac.o
 .debug_line    0x0000514c      0x987 ./Drivers/STM32F4xx_HAL_Driver/Src/stm32f4xx_hal_dac_ex.o
 .debug_line    0x00005ad3      0xfdd ./Drivers/STM32F4xx_HAL_Driver/Src/stm32f4xx_hal_dma.o
 .debug_line    0x00006ab0      0xbb5 ./Drivers/STM32F4xx_HAL_Driver/Src/stm32f4xx_hal_gpio.o
 .debug_line    0x00007665      0x9de ./Drivers/STM32F4xx_HAL_Driver/Src/stm32f4xx_hal_pwr_ex.o
 .debug_line    0x00008043      0xe8c ./Drivers/STM32F4xx_HAL_Driver/Src/stm32f4xx_hal_rcc.o
 .debug_line    0x00008ecf     0x153d ./Drivers/STM32F4xx_HAL_Driver/Src/stm32f4xx_hal_rcc_ex.o
 .debug_line    0x0000a40c     0x37e6 ./Drivers/STM32F4xx_HAL_Driver/Src/stm32f4xx_hal_tim.o
 .debug_line    0x0000dbf2     0x19d1 ./Drivers/STM32F4xx_HAL_Driver/Src/stm32f4xx_hal_tim_ex.o
 .debug_line    0x0000f5c3     0x25b9 ./Drivers/STM32F4xx_HAL_Driver/Src/stm32f4xx_hal_uart.o

.debug_str      0x00000000    0xd21e0
 .debug_str     0x00000000    0xd21e0 ./Core/Src/lab_audio.o
                              0xce980 (size before relaxing)
 .debug_str     0x000d21e0        0x0 ./Core/Src/main.o
                              0xcb9cc (size before relaxing)
 .debug_str     0x000d21e0        0x0 ./Core/Src/stm32f4xx_hal_msp.o
                              0xcbc2d (size before relaxing)
 .debug_str     0x000d21e0        0x0 ./Core/Src/stm32f4xx_it.o
                              0xcb529 (size before relaxing)
 .debug_str     0x000d21e0        0x0 ./Core/Src/system_stm32f4xx.o
                              0xcace3 (size before relaxing)
 .debug_str     0x000d21e0        0x0 ./Core/Startup/startup_stm32f446retx.o
                                 0xce (size before relaxing)
 .debug_str     0x000d21e0        0x0 ./Drivers/STM32F4xx_HAL_Driver/Src/stm32f4xx_hal.o
                              0xcb8a8 (size before relaxing)
 .debug_str     0x000d21e0        0x0 ./Drivers/STM32F4xx_HAL_Driver/Src/stm32f4xx_hal_cortex.o
                              0xcb5ff (size before relaxing)
 .debug_str     0x000d21e0        0x0 ./Drivers/STM32F4xx_HAL_Driver/Src/stm32f4xx_hal_dac.o
                              0xcb140 (size before relaxing)
 .debug_str     0x000d21e0        0x0 ./Drivers/STM32F4xx_HAL_Driver/Src/stm32f4xx_hal_dac_ex.o
                              0xcb01b (size before relaxing)
 .debug_str     0x000d21e0        0x0 ./Drivers/STM32F4xx_HAL_Driver/Src/stm32f4xx_hal_dma.o
                              0xcb0d8 (size before relaxing)
 .debug_str     0x000d21e0        0x0 ./Drivers/STM32F4xx_HAL_Driver/Src/stm32f4xx_hal_gpio.o
                              0xcae5e (size before relaxing)
 .debug_str     0x000d21e0        0x0 ./Drivers/STM32F4xx_HAL_Driver/Src/stm32f4xx_hal_pwr_ex.o
                              0xcaebb (size before relaxing)
 .debug_str     0x000d21e0        0x0 ./Drivers/STM32F4xx_HAL_Driver/Src/stm32f4xx_hal_rcc.o
                              0xcb11c (size before relaxing)
 .debug_str     0x000d21e0        0x0 ./Drivers/STM32F4xx_HAL_Driver/Src/stm32f4xx_hal_rcc_ex.o
                              0xcb14f (size before relaxing)
 .debug_str     0x000d21e0        0x0 ./Drivers/STM32F4xx_HAL_Driver/Src/stm32f4xx_hal_tim.o
                              0xcc048 (size before relaxing)
 .debug_str     0x000d21e0        0x0 ./Drivers/STM32F4xx_HAL_Driver/Src/stm32f4xx_hal_tim_ex.o
                              0xcb854 (size before relaxing)
 .debug_str     0x000d21e0        0x0 ./Drivers/STM32F4xx_HAL_Driver/Src/stm32f4xx_hal_uart.o
                              0xcb6d3 (size before relaxing)

.comment        0x00000000       0x43
 .comment       0x00000000       0x43 ./Core/Src/lab_audio.o
                                 0x44 (size before relaxing)
 .comment       0x00000043        0x0 ./Core/Src/main.o
                                 0x44 (size before relaxing)
 .comment       0x00000043        0x0 ./Core/Src/stm32f4xx_hal_msp.o
                                 0x44 (size before relaxing)
 .comment       0x00000043        0x0 ./Core/Src/stm32f4xx_it.o
                                 0x44 (size before relaxing)
 .comment       0x00000043        0x0 ./Core/Src/system_stm32f4xx.o
                                 0x44 (size before relaxing)
 .comment       0x00000043        0x0 ./Drivers/STM32F4xx_HAL_Driver/Src/stm32f4xx_hal.o
                                 0x44 (size before relaxing)
 .comment       0x00000043        0x0 ./Drivers/STM32F4xx_HAL_Driver/Src/stm32f4xx_hal_cortex.o
                                 0x44 (size before relaxing)
 .comment       0x00000043        0x0 ./Drivers/STM32F4xx_HAL_Driver/Src/stm32f4xx_hal_dac.o
                                 0x44 (size before relaxing)
 .comment       0x00000043        0x0 ./Drivers/STM32F4xx_HAL_Driver/Src/stm32f4xx_hal_dac_ex.o
                                 0x44 (size before relaxing)
 .comment       0x00000043        0x0 ./Drivers/STM32F4xx_HAL_Driver/Src/stm32f4xx_hal_dma.o
                                 0x44 (size before relaxing)
 .comment       0x00000043        0x0 ./Drivers/STM32F4xx_HAL_Driver/Src/stm32f4xx_hal_gpio.o
                                 0x44 (size before relaxing)
 .comment       0x00000043        0x0 ./Drivers/STM32F4xx_HAL_Driver/Src/stm32f4xx_hal_pwr_ex.o
                                 0x44 (size before relaxing)
 .comment       0x00000043        0x0 ./Drivers/STM32F4xx_HAL_Driver/Src/stm32f4xx_hal_rcc.o
                                 0x44 (size before relaxing)
 .comment       0x00000043        0x0 ./Drivers/STM32F4xx_HAL_Driver/Src/stm32f4xx_hal_rcc_ex.o
                                 0x44 (size before relaxing)
 .comment       0x00000043        0x0 ./Drivers/STM32F4xx_HAL_Driver/Src/stm32f4xx_hal_tim.o
                                 0x44 (size before relaxing)
 .comment       0x00000043        0x0 ./Drivers/STM32F4xx_HAL_Driver/Src/stm32f4xx_hal_tim_ex.o
                                 0x44 (size before relaxing)
 .comment       0x00000043        0x0 ./Drivers/STM32F4xx_HAL_Driver/Src/stm32f4xx_hal_uart.o
                                 0x44 (size before relaxing)

.debug_frame    0x00000000     0x3df4
 .debug_frame   0x00000000      0x14c ./Core/Src/lab_audio.o
 .debug_frame   0x0000014c      0x114 ./Core/Src/main.o
 .debug_frame   0x00000260      0x184 ./Core/Src/stm32f4xx_hal_msp.o
 .debug_frame   0x000003e4      0x13c ./Core/Src/stm32f4xx_it.o
 .debug_frame   0x00000520       0x58 ./Core/Src/system_stm32f4xx.o
 .debug_frame   0x00000578      0x374 ./Drivers/STM32F4xx_HAL_Driver/Src/stm32f4xx_hal.o
 .debug_frame   0x000008ec      0x508 ./Drivers/STM32F4xx_HAL_Driver/Src/stm32f4xx_hal_cortex.o
 .debug_frame   0x00000df4      0x338 ./Drivers/STM32F4xx_HAL_Driver/Src/stm32f4xx_hal_dac.o
 .debug_frame   0x0000112c      0x20c ./Drivers/STM32F4xx_HAL_Driver/Src/stm32f4xx_hal_dac_ex.o
 .debug_frame   0x00001338      0x250 ./Drivers/STM32F4xx_HAL_Driver/Src/stm32f4xx_hal_dma.o
 .debug_frame   0x00001588      0x14c ./Drivers/STM32F4xx_HAL_Driver/Src/stm32f4xx_hal_gpio.o
 .debug_frame   0x000016d4      0x14c ./Drivers/STM32F4xx_HAL_Driver/Src/stm32f4xx_hal_pwr_ex.o
 .debug_frame   0x00001820      0x1f4 ./Drivers/STM32F4xx_HAL_Driver/Src/stm32f4xx_hal_rcc.o
 .debug_frame   0x00001a14      0x1e8 ./Drivers/STM32F4xx_HAL_Driver/Src/stm32f4xx_hal_rcc_ex.o
 .debug_frame   0x00001bfc     0x11c0 ./Drivers/STM32F4xx_HAL_Driver/Src/stm32f4xx_hal_tim.o
 .debug_frame   0x00002dbc      0x638 ./Drivers/STM32F4xx_HAL_Driver/Src/stm32f4xx_hal_tim_ex.o
 .debug_frame   0x000033f4      0x954 ./Drivers/STM32F4xx_HAL_Driver/Src/stm32f4xx_hal_uart.o
 .debug_frame   0x00003d48       0x20 C:/ST/STM32CubeIDE_1.18.1/STM32CubeIDE/plugins/com.st.stm32cube.ide.mcu.externaltools.gnu-tools-for-stm32.13.3.rel1.win32_1.0.100.202509120712/tools/bin/../lib/gcc/arm-none-eabi/13.3.1/../../../../arm-none-eabi/lib/thumb/v7e-m+fp/hard\libc_nano.a(libc_a-memset.o)
 .debug_frame   0x00003d68       0x2c C:/ST/STM32CubeIDE_1.18.1/STM32CubeIDE/plugins/com.st.stm32cube.ide.mcu.externaltools.gnu-tools-for-stm32.13.3.rel1.win32_1.0.100.202509120712/tools/bin/../lib/gcc/arm-none-eabi/13.3.1/../../../../arm-none-eabi/lib/thumb/v7e-m+fp/hard\libc_nano.a(libc_a-init.o)
 .debug_frame   0x00003d94       0x2c C:/ST/STM32CubeIDE_1.18.1/STM32CubeIDE/plugins/com.st.stm32cube.ide.mcu.externaltools.gnu-tools-for-stm32.13.3.rel1.win32_1.0.100.202509120712/tools/bin/../lib/gcc/arm-none-eabi/13.3.1/thumb/v7e-m+fp/hard\libgcc.a(_aeabi_uldivmod.o)
 .debug_frame   0x00003dc0       0x34 C:/ST/STM32CubeIDE_1.18.1/STM32CubeIDE/plugins/com.st.stm32cube.ide.mcu.externaltools.gnu-tools-for-stm32.13.3.rel1.win32_1.0.100.202509120712/tools/bin/../lib/gcc/arm-none-eabi/13.3.1/thumb/v7e-m+fp/hard\libgcc.a(_udivmoddi4.o)

.debug_line_str
                0x00000000       0xb2
 .debug_line_str
                0x00000000       0xb2 ./Core/Startup/startup_stm32f446retx.o
