../Core/Src/main.c:83:5:main	264	static,ignoring_inline_asm
../Core/Src/main.c:197:6:SystemClock_Config	88	static
../Core/Src/main.c:252:13:MX_TIM2_Init	48	static
../Core/Src/main.c:310:13:MX_TIM3_Init	32	static
../Core/Src/main.c:355:13:MX_TIM4_Init	32	static
../Core/Src/main.c:400:13:MX_USART2_UART_Init	8	static
../Core/Src/main.c:433:13:MX_GPIO_Init	48	static
../Core/Src/main.c:479:6:HAL_TIM_IC_CaptureCallback	88	static
../Core/Src/main.c:530:6:HAL_TIM_PeriodElapsedCallback	16	static
../Core/Src/main.c:554:6:Error_Handler	4	static,ignoring_inline_asm
